// Jest Snapshot v1, https://goo.gl/fbAQLP

exports[`TicTacToePage should render correctly 1`] = `ReactWrapper {}`;
